// Jest Snapshot v1, https://goo.gl/fbAQLP

exports[`<About /> should match the snapshot 1`] = `"<div class=\\"container\\"><br/><h1>About</h1><hr/><p>Add something relevant here</p></div>"`;
