// Jest Snapshot v1, https://goo.gl/fbAQLP

exports[`<AddUser /> should match the snapshot 1`] = `"<div class=\\"row\\"><form class=\\"col-md-4\\"><div class=\\"form-group\\"><input type=\\"email\\" class=\\"form-control\\" placeholder=\\"Enter an email address\\" id=\\"formEmail\\" value=\\"\\" required=\\"\\"/></div><button type=\\"submit\\" class=\\"btn btn-success btn-block\\">Submit</button></form></div>"`;
