// Jest Snapshot v1, https://goo.gl/fbAQLP

exports[`<Logout /> should match the snapshot 1`] = `"<div class=\\"container\\"><br/><p>You are now logged out. Click <a href=\\"/login\\">here</a> to log back in</p></div>"`;
