// Jest Snapshot v1, https://goo.gl/fbAQLP

exports[`<UsersList /> should match the snapshot 1`] = `"<div class=\\"row\\"><div class=\\"col\\"><div class=\\"row list-group list-group-flush\\"><div class=\\"list-group-item\\">test@test.com</div><div class=\\"list-group-item\\">test2@test.com</div></div></div></div>"`;
