// Jest Snapshot v1, https://goo.gl/fbAQLP

exports[`<UserStatusPage /> should match the snapshot 1`] = `"<div class=\\"container\\"><br/><h1>Not Allowed</h1><hr/><p>You must be logged in to view this. Click <a href=\\"/login\\">here</a> to log back in.</p></div>"`;
